---
source: crates/wxctl/tests/panel_snapshots.rs
expression: "run(&[\"resources\"], \"80\", \"dark\", \"unicode\")"
---

  [1mwatsonx resource catalog[0m   [38;2;125;133;144m100 kinds · 11 products[0m

  [38;2;120;169;255m▌[0m [1mAI Factsheets[0m   [38;2;125;133;144m(factsheets · 3 kinds)[0m
    [38;2;120;169;255minventory                        [0m   [38;2;63;185;80msaas[0m, [38;2;210;153;34msoftware[0m   [38;2;125;133;144mAn inventory is an AI[0m
[38;2;125;133;144m                                                         Factsheets model[0m
[38;2;125;133;144m                                                         inventory: a governance[0m
[38;2;125;133;144m                                                         catalog that holds the[0m
[38;2;125;133;144m                                                         model use cases tracked[0m
[38;2;125;133;144m                                                         for an organization.[0m
    [38;2;120;169;255mmodel_entry                      [0m   [38;2;63;185;80msaas[0m, [38;2;210;153;34msoftware[0m   [38;2;125;133;144mA model entry is an AI[0m
[38;2;125;133;144m                                                         Factsheets model use[0m
[38;2;125;133;144m                                                         case that groups the[0m
[38;2;125;133;144m                                                         tracked models,[0m
[38;2;125;133;144m                                                         deployments, and[0m
[38;2;125;133;144m                                                         factsheets for one[0m
[38;2;125;133;144m                                                         business problem within[0m
[38;2;125;133;144m                                                         a model inventory.[0m
    [38;2;120;169;255mmodel_tracking                   [0m   [38;2;63;185;80msaas[0m, [38;2;210;153;34msoftware[0m   [38;2;125;133;144mAssociates a trained[0m
[38;2;125;133;144m                                                         Watson Machine Learning[0m
[38;2;125;133;144m                                                         model (incl. AutoAI)[0m
[38;2;125;133;144m                                                         with a governance[0m
[38;2;125;133;144m                                                         model_entry (AI use[0m
[38;2;125;133;144m                                                         case) so the model is[0m
[38;2;125;133;144m                                                         tracked in a model[0m
[38;2;125;133;144m                                                         inventory.[0m

  [38;2;120;169;255m▌[0m [1mCloud Object Storage[0m   [38;2;125;133;144m(cloud_object_storage · 5 kinds)[0m
    [38;2;120;169;255madls_container                   [0m   [38;2;63;185;80msaas[0m             [38;2;125;133;144mAzure Data Lake Storage[0m
[38;2;125;133;144m                                                         container (Gen1 or[0m
[38;2;125;133;144m                                                         Gen2).[0m
    [38;2;120;169;255mgcs_bucket                       [0m   [38;2;63;185;80msaas[0m             [38;2;125;133;144mGoogle Cloud Storage[0m
[38;2;125;133;144m                                                         bucket.[0m
    [38;2;120;169;255ms3_bucket                        [0m   [38;2;63;185;80msaas[0m, [38;2;210;153;34msoftware[0m   [38;2;125;133;144mS3-compatible bucket[0m
[38;2;125;133;144m                                                         (IBM COS, AWS S3,[0m
[38;2;125;133;144m                                                         MinIO, Ceph).[0m
    [38;2;120;169;255ms3_object                        [0m   [38;2;63;185;80msaas[0m, [38;2;210;153;34msoftware[0m   [38;2;125;133;144mAn object inside an[0m
[38;2;125;133;144m                                                         `s3_bucket`.[0m
    [38;2;120;169;255mstorage_connection               [0m   [38;2;63;185;80msaas[0m, [38;2;210;153;34msoftware[0m   [38;2;125;133;144mCredential-holding kind[0m
[38;2;125;133;144m                                                         for object-store /[0m
[38;2;125;133;144m                                                         file-system backends.[0m

  [38;2;120;169;255m▌[0m [1mData & AI Common Core[0m   [38;2;125;133;144m(common_core · 17 kinds)[0m
    [38;2;120;169;255masset_promotion                  [0m   [38;2;63;185;80msaas[0m, [38;2;210;153;34msoftware[0m   [38;2;125;133;144mPromotes a project-side[0m
[38;2;125;133;144m                                                         asset — a native model[0m
[38;2;125;133;144m                                                         the training job stored[0m
[38;2;125;133;144m                                                         under a known name —[0m
[38;2;125;133;144m                                                         into a deployment[0m
[38;2;125;133;144m                                                         space.[0m
    [38;2;120;169;255mbusiness_term                    [0m   [38;2;63;185;80msaas[0m, [38;2;210;153;34msoftware[0m   [38;2;125;133;144mA Business Term is a[0m
[38;2;125;133;144m                                                         glossary entry that[0m
[38;2;125;133;144m                                                         defines standardized[0m
[38;2;125;133;144m                                                         business vocabulary and[0m
[38;2;125;133;144m                                                         semantics for data[0m
[38;2;125;133;144m                                                         governance in Watsonx[0m
[38;2;125;133;144m                                                         Data.[0m
    [38;2;120;169;255mbusiness_terms                   [0m   [38;2;63;185;80msaas[0m, [38;2;210;153;34msoftware[0m   [38;2;125;133;144mBusiness Terms provides[0m
[38;2;125;133;144m                                                         bulk creation[0m
[38;2;125;133;144m                                                         functionality for[0m
[38;2;125;133;144m                                                         multiple business terms[0m
[38;2;125;133;144m                                                         in a single API call.[0m
    [38;2;120;169;255mcatalog                          [0m   [38;2;63;185;80msaas[0m, [38;2;210;153;34msoftware[0m   [38;2;125;133;144mA Catalog is a metadata[0m
[38;2;125;133;144m                                                         repository that[0m
[38;2;125;133;144m                                                         organizes and manages[0m
[38;2;125;133;144m                                                         table schemas,[0m
[38;2;125;133;144m                                                         partitions, and file[0m
[38;2;125;133;144m                                                         locations for data lake[0m
[38;2;125;133;144m                                                         operations in Watsonx[0m
[38;2;125;133;144m                                                         Data.[0m
    [38;2;120;169;255mcategory                         [0m   [38;2;63;185;80msaas[0m, [38;2;210;153;34msoftware[0m   [38;2;125;133;144mA Category is a[0m
[38;2;125;133;144m                                                         hierarchical[0m
[38;2;125;133;144m                                                         classification[0m
[38;2;125;133;144m                                                         structure used to[0m
[38;2;125;133;144m                                                         organize and group data[0m
[38;2;125;133;144m                                                         assets, business terms,[0m
[38;2;125;133;144m                                                         and other governance[0m
[38;2;125;133;144m                                                         artifacts in Watsonx[0m
[38;2;125;133;144m                                                         Data.[0m
    [38;2;120;169;255mcommon_core_connection           [0m   [38;2;63;185;80msaas[0m, [38;2;210;153;34msoftware[0m   [38;2;125;133;144mA Connection is a data[0m
[38;2;125;133;144m                                                         source configuration[0m
[38;2;125;133;144m                                                         that enables Watsonx[0m
[38;2;125;133;144m                                                         Data to access external[0m
[38;2;125;133;144m                                                         databases, object[0m
[38;2;125;133;144m                                                         storage systems, and[0m
[38;2;125;133;144m                                                         other data[0m
[38;2;125;133;144m                                                         repositories.[0m
    [38;2;120;169;255mdata_asset                       [0m   [38;2;63;185;80msaas[0m, [38;2;210;153;34msoftware[0m   [38;2;125;133;144mA Data Asset uploads a[0m
[38;2;125;133;144m                                                         local file such as a[0m
[38;2;125;133;144m                                                         CSV into a space or[0m
[38;2;125;133;144m                                                         project as a CAMS data[0m
[38;2;125;133;144m                                                         asset and exposes its[0m
[38;2;125;133;144m                                                         asset id for downstream[0m
[38;2;125;133;144m                                                         consumers such as an[0m
[38;2;125;133;144m                                                         AutoAI experiment's[0m
[38;2;125;133;144m                                                         training_data_references.[0m
    [38;2;120;169;255menvironment                      [0m   [38;2;63;185;80msaas[0m, [38;2;210;153;34msoftware[0m   [38;2;125;133;144mA notebook runtime[0m
[38;2;125;133;144m                                                         environment in a[0m
[38;2;125;133;144m                                                         watsonx.ai project.[0m
    [38;2;120;169;255mjob                              [0m   [38;2;63;185;80msaas[0m, [38;2;210;153;34msoftware[0m   [38;2;125;133;144mA platform Job[0m
[38;2;125;133;144m                                                         definition in a[0m
[38;2;125;133;144m                                                         watsonx.ai project: a[0m
[38;2;125;133;144m                                                         reusable run[0m
[38;2;125;133;144m                                                         configuration binding a[0m
[38;2;125;133;144m                                                         runnable asset (a[0m
[38;2;125;133;144m                                                         script_asset or a[0m
[38;2;125;133;144m                                                         notebook) to a runtime[0m
[38;2;125;133;144m                                                         environment.[0m
    [38;2;120;169;255mjob_run                          [0m   [38;2;63;185;80msaas[0m, [38;2;210;153;34msoftware[0m   [38;2;125;133;144mA single execution of a[0m
[38;2;125;133;144m                                                         platform job.[0m
    [38;2;120;169;255mpackage_extension                [0m   [38;2;63;185;80msaas[0m, [38;2;210;153;34msoftware[0m   [38;2;125;133;144mA Package Extension[0m
[38;2;125;133;144m                                                         defines additional[0m
[38;2;125;133;144m                                                         Python packages to[0m
[38;2;125;133;144m                                                         include in a software[0m
[38;2;125;133;144m                                                         specification.[0m
    [38;2;120;169;255mproject                          [0m   [38;2;63;185;80msaas[0m, [38;2;210;153;34msoftware[0m   [38;2;125;133;144mA Project is a[0m
[38;2;125;133;144m                                                         collaborative workspace[0m
[38;2;125;133;144m                                                         that organizes assets,[0m
[38;2;125;133;144m                                                         tools, notebooks, jobs,[0m
[38;2;125;133;144m                                                         and data connections[0m
[38;2;125;133;144m                                                         for data science and AI[0m
[38;2;125;133;144m                                                         workflows.[0m
    [38;2;120;169;255mrule                             [0m   [38;2;63;185;80msaas[0m, [38;2;210;153;34msoftware[0m   [38;2;125;133;144mA Rule is an automated[0m
[38;2;125;133;144m                                                         policy enforcement[0m
[38;2;125;133;144m                                                         mechanism that[0m
[38;2;125;133;144m                                                         implements data[0m
[38;2;125;133;144m                                                         governance controls in[0m
[38;2;125;133;144m                                                         Watsonx Data.[0m
    [38;2;120;169;255mrules                            [0m   [38;2;63;185;80msaas[0m, [38;2;210;153;34msoftware[0m   [38;2;125;133;144mRules provides bulk[0m
[38;2;125;133;144m                                                         creation functionality[0m
[38;2;125;133;144m                                                         for multiple governance[0m
[38;2;125;133;144m                                                         rules in a single API[0m
[38;2;125;133;144m                                                         call.[0m
    [38;2;120;169;255mscript_asset                     [0m   [38;2;63;185;80msaas[0m, [38;2;210;153;34msoftware[0m   [38;2;125;133;144mA Script Asset uploads[0m
[38;2;125;133;144m                                                         a local Python file[0m
[38;2;125;133;144m                                                         into a watsonx.ai[0m
[38;2;125;133;144m                                                         project (or space) as a[0m
[38;2;125;133;144m                                                         CAMS asset of type[0m
[38;2;125;133;144m                                                         `script`, exposing its[0m
[38;2;125;133;144m                                                         asset id for a platform[0m
[38;2;125;133;144m                                                         job to run.[0m
    [38;2;120;169;255msoftware_specification           [0m   [38;2;63;185;80msaas[0m, [38;2;210;153;34msoftware[0m   [38;2;125;133;144mA Software[0m
[38;2;125;133;144m                                                         Specification defines a[0m
[38;2;125;133;144m                                                         runtime environment for[0m
[38;2;125;133;144m                                                         deploying AI services[0m
[38;2;125;133;144m                                                         and functions.[0m
    [38;2;120;169;255mspace                            [0m   [38;2;63;185;80msaas[0m, [38;2;210;153;34msoftware[0m   [38;2;125;133;144mA Space is a deployment[0m
[38;2;125;133;144m                                                         environment for[0m
[38;2;125;133;144m                                                         promoting and managing[0m
[38;2;125;133;144m                                                         machine learning[0m
[38;2;125;133;144m                                                         models, functions, and[0m
[38;2;125;133;144m                                                         other AI assets.[0m

  [38;2;120;169;255m▌[0m [1mIBM Concert[0m   [38;2;125;133;144m(concert · 11 kinds)[0m
    [38;2;120;169;255mconcert_application              [0m   [38;2;210;153;34msoftware[0m         [38;2;125;133;144mA Concert application[0m
[38;2;125;133;144m                                                         is the top-level[0m
[38;2;125;133;144m                                                         managed entity in IBM[0m
[38;2;125;133;144m                                                         Concert's inventory —[0m
[38;2;125;133;144m                                                         the unit Concert tracks[0m
[38;2;125;133;144m                                                         for risk posture,[0m
[38;2;125;133;144m                                                         vulnerabilities,[0m
[38;2;125;133;144m                                                         dependencies, and[0m
[38;2;125;133;144m                                                         resilience.[0m
    [38;2;120;169;255mconcert_automation_rule          [0m   [38;2;210;153;34msoftware[0m         [38;2;125;133;144mA Concert automation[0m
[38;2;125;133;144m                                                         rule fires an action[0m
[38;2;125;133;144m                                                         (e.g. auto-create an[0m
[38;2;125;133;144m                                                         ITSM ticket) when a[0m
[38;2;125;133;144m                                                         use-case condition is[0m
[38;2;125;133;144m                                                         met — the declarative[0m
[38;2;125;133;144m                                                         half of Concert's[0m
[38;2;125;133;144m                                                         auto-ticketing.[0m
    [38;2;120;169;255mconcert_compliance_profile       [0m   [38;2;210;153;34msoftware[0m         [38;2;125;133;144mA Concert compliance[0m
[38;2;125;133;144m                                                         profile is a named,[0m
[38;2;125;133;144m                                                         versioned set of[0m
[38;2;125;133;144m                                                         controls (drawn from a[0m
[38;2;125;133;144m                                                         pre-imported compliance[0m
[38;2;125;133;144m                                                         catalog) that Concert[0m
[38;2;125;133;144m                                                         evaluates applications[0m
[38;2;125;133;144m                                                         against to score[0m
[38;2;125;133;144m                                                         compliance posture —[0m
[38;2;125;133;144m                                                         the declarative half of[0m
[38;2;125;133;144m                                                         Concert's compliance /[0m
[38;2;125;133;144m                                                         AI-governance surface[0m
[38;2;125;133;144m                                                         (sovereign, CSCF/ISCF,[0m
[38;2;125;133;144m                                                         etc.).[0m
    [38;2;120;169;255mconcert_credential               [0m   [38;2;210;153;34msoftware[0m         [38;2;125;133;144mA Concert credential is[0m
[38;2;125;133;144m                                                         a named key/value[0m
[38;2;125;133;144m                                                         secret bundle used by[0m
[38;2;125;133;144m                                                         ingestion jobs to[0m
[38;2;125;133;144m                                                         authenticate against[0m
[38;2;125;133;144m                                                         source systems.[0m
    [38;2;120;169;255mconcert_environment              [0m   [38;2;210;153;34msoftware[0m         [38;2;125;133;144mA Concert environment[0m
[38;2;125;133;144m                                                         is a deployment target[0m
[38;2;125;133;144m                                                         (e.g. a cluster,[0m
[38;2;125;133;144m                                                         region, or stage)[0m
[38;2;125;133;144m                                                         tracked in IBM[0m
[38;2;125;133;144m                                                         Concert's inventory.[0m
    [38;2;120;169;255mconcert_ingestion_job            [0m   [38;2;210;153;34msoftware[0m         [38;2;125;133;144mA Concert ingestion job[0m
[38;2;125;133;144m                                                         pulls data from a[0m
[38;2;125;133;144m                                                         source system[0m
[38;2;125;133;144m                                                         (authenticating with a[0m
[38;2;125;133;144m                                                         concert_credential)[0m
[38;2;125;133;144m                                                         into IBM Concert's[0m
[38;2;125;133;144m                                                         inventory on a[0m
[38;2;125;133;144m                                                         schedule.[0m
    [38;2;120;169;255mconcert_resilience_input_data_key[0m   [38;2;210;153;34msoftware[0m         [38;2;125;133;144mA Concert resilience[0m
[38;2;125;133;144m                                                         input-data key[0m
[38;2;125;133;144m                                                         (InputDataKeyRequest)[0m
[38;2;125;133;144m                                                         defines a named metric[0m
[38;2;125;133;144m                                                         input — its label,[0m
[38;2;125;133;144m                                                         units, and data type —[0m
[38;2;125;133;144m                                                         that resilience[0m
[38;2;125;133;144m                                                         requirements evaluate[0m
[38;2;125;133;144m                                                         against.[0m
    [38;2;120;169;255mconcert_resilience_library       [0m   [38;2;210;153;34msoftware[0m         [38;2;125;133;144mA Concert resilience[0m
[38;2;125;133;144m                                                         library[0m
[38;2;125;133;144m                                                         (LibraryRequest) groups[0m
[38;2;125;133;144m                                                         resilience requirements[0m
[38;2;125;133;144m                                                         into a reusable set.[0m
    [38;2;120;169;255mconcert_resilience_posture       [0m   [38;2;210;153;34msoftware[0m         [38;2;125;133;144mA Concert resilience[0m
[38;2;125;133;144m                                                         assessment posture[0m
[38;2;125;133;144m                                                         (GraderPostureRequest)[0m
[38;2;125;133;144m                                                         binds a[0m
[38;2;125;133;144m                                                         concert_resilience_profile[0m
[38;2;125;133;144m                                                         to a target[0m
[38;2;125;133;144m                                                         (application/deployment)[0m
[38;2;125;133;144m                                                         and schedules its[0m
[38;2;125;133;144m                                                         resilience assessment.[0m
    [38;2;120;169;255mconcert_resilience_profile       [0m   [38;2;210;153;34msoftware[0m         [38;2;125;133;144mA Concert resilience[0m
[38;2;125;133;144m                                                         assessment profile[0m
[38;2;125;133;144m                                                         (GraderProfileRequest)[0m
[38;2;125;133;144m                                                         is a named set of[0m
[38;2;125;133;144m                                                         resilience[0m
[38;2;125;133;144m                                                         requirements, scored[0m
[38;2;125;133;144m                                                         against metric[0m
[38;2;125;133;144m                                                         input-data keys, that[0m
[38;2;125;133;144m                                                         Concert evaluates to[0m
[38;2;125;133;144m                                                         rate an application's[0m
[38;2;125;133;144m                                                         resilience posture.[0m
    [38;2;120;169;255mconcert_source_repo              [0m   [38;2;210;153;34msoftware[0m         [38;2;125;133;144mA Concert source[0m
[38;2;125;133;144m                                                         repository is a[0m
[38;2;125;133;144m                                                         version-controlled code[0m
[38;2;125;133;144m                                                         repo tracked in IBM[0m
[38;2;125;133;144m                                                         Concert's inventory for[0m
[38;2;125;133;144m                                                         SBOM, CVE, and[0m
[38;2;125;133;144m                                                         dependency posture.[0m

  [38;2;120;169;255m▌[0m [1mIBM Concert Workflows[0m   [38;2;125;133;144m(concert_workflows · 5 kinds)[0m
    [38;2;120;169;255mconcert_worker_group             [0m   [38;2;210;153;34msoftware[0m         [38;2;125;133;144mA Concert Workflows[0m
[38;2;125;133;144m                                                         (Pliant) worker group —[0m
[38;2;125;133;144m                                                         a named pool that flow[0m
[38;2;125;133;144m                                                         runs and schedules[0m
[38;2;125;133;144m                                                         execute on.[0m
    [38;2;120;169;255mconcert_workflow                 [0m   [38;2;210;153;34msoftware[0m         [38;2;125;133;144mA Concert Workflows[0m
[38;2;125;133;144m                                                         (Pliant) flow, imported[0m
[38;2;125;133;144m                                                         from a local zip.[0m
    [38;2;120;169;255mconcert_workflow_exposure        [0m   [38;2;210;153;34msoftware[0m         [38;2;125;133;144mA Concert Workflows[0m
[38;2;125;133;144m                                                         (Pliant) flow exposure[0m
[38;2;125;133;144m                                                         — publishes a flow at[0m
[38;2;125;133;144m                                                         an HTTP path so it can[0m
[38;2;125;133;144m                                                         be triggered.[0m
    [38;2;120;169;255mconcert_workflow_role            [0m   [38;2;210;153;34msoftware[0m         [38;2;125;133;144mA Concert Workflows[0m
[38;2;125;133;144m                                                         (Pliant) flow role — a[0m
[38;2;125;133;144m                                                         named grant bundling[0m
[38;2;125;133;144m                                                         users, worker groups,[0m
[38;2;125;133;144m                                                         and per-surface[0m
[38;2;125;133;144m                                                         policies (flow,[0m
[38;2;125;133;144m                                                         application,[0m
[38;2;125;133;144m                                                         auth-storage, schedule,[0m
[38;2;125;133;144m                                                         automation-panel).[0m
    [38;2;120;169;255mconcert_workflow_schedule        [0m   [38;2;210;153;34msoftware[0m         [38;2;125;133;144mA schedule that runs a[0m
[38;2;125;133;144m                                                         Concert Workflows[0m
[38;2;125;133;144m                                                         (Pliant) flow on a cron[0m
[38;2;125;133;144m                                                         cadence.[0m

  [38;2;120;169;255m▌[0m [1mIBM Instana[0m   [38;2;125;133;144m(instana · 10 kinds)[0m
    [38;2;120;169;255minstana_alerting_channel         [0m   [38;2;63;185;80msaas[0m, [38;2;210;153;34msoftware[0m   [38;2;125;133;144mAn Instana alerting[0m
[38;2;125;133;144m                                                         channel[0m
[38;2;125;133;144m                                                         (AbstractIntegration)[0m
[38;2;125;133;144m                                                         is a notification[0m
[38;2;125;133;144m                                                         target — email, Slack,[0m
[38;2;125;133;144m                                                         generic webhook,[0m
[38;2;125;133;144m                                                         PagerDuty, Opsgenie,[0m
[38;2;125;133;144m                                                         Splunk, and more — that[0m
[38;2;125;133;144m                                                         smart-alert configs[0m
[38;2;125;133;144m                                                         route events to.[0m
    [38;2;120;169;255minstana_application_alert_config [0m   [38;2;63;185;80msaas[0m, [38;2;210;153;34msoftware[0m   [38;2;125;133;144mAn Instana application[0m
[38;2;125;133;144m                                                         smart alert[0m
[38;2;125;133;144m                                                         (ApplicationAlertConfig)[0m
[38;2;125;133;144m                                                         evaluates a rule[0m
[38;2;125;133;144m                                                         (erroneous-call-rate,[0m
[38;2;125;133;144m                                                         latency, throughput,[0m
[38;2;125;133;144m                                                         ...) over an[0m
[38;2;125;133;144m                                                         application[0m
[38;2;125;133;144m                                                         perspective's calls and[0m
[38;2;125;133;144m                                                         routes triggered events[0m
[38;2;125;133;144m                                                         to alerting channels.[0m
    [38;2;120;169;255minstana_application_perspective  [0m   [38;2;63;185;80msaas[0m, [38;2;210;153;34msoftware[0m   [38;2;125;133;144mAn Instana application[0m
[38;2;125;133;144m                                                         perspective is a saved,[0m
[38;2;125;133;144m                                                         filter-defined view of[0m
[38;2;125;133;144m                                                         an application's traces[0m
[38;2;125;133;144m                                                         and calls — the[0m
[38;2;125;133;144m                                                         top-level unit Instana[0m
[38;2;125;133;144m                                                         groups service[0m
[38;2;125;133;144m                                                         monitoring, smart[0m
[38;2;125;133;144m                                                         alerts, and SLOs[0m
[38;2;125;133;144m                                                         around.[0m
    [38;2;120;169;255minstana_maintenance_window       [0m   [38;2;63;185;80msaas[0m, [38;2;210;153;34msoftware[0m   [38;2;125;133;144mAn Instana maintenance[0m
[38;2;125;133;144m                                                         window[0m
[38;2;125;133;144m                                                         (MaintenanceConfigV2)[0m
[38;2;125;133;144m                                                         suppresses alerting for[0m
[38;2;125;133;144m                                                         the entities matched by[0m
[38;2;125;133;144m                                                         its `query` during a[0m
[38;2;125;133;144m                                                         scheduled window.[0m
    [38;2;120;169;255minstana_slo_alert_config         [0m   [38;2;63;185;80msaas[0m, [38;2;210;153;34msoftware[0m   [38;2;125;133;144mAn Instana SLO smart[0m
[38;2;125;133;144m                                                         alert[0m
[38;2;125;133;144m                                                         (ServiceLevelsAlertConfig)[0m
[38;2;125;133;144m                                                         evaluates a rule[0m
[38;2;125;133;144m                                                         (status / error-budget[0m
[38;2;125;133;144m                                                         / burn-rate) over one[0m
[38;2;125;133;144m                                                         or more SLO configs and[0m
[38;2;125;133;144m                                                         routes triggered events[0m
[38;2;125;133;144m                                                         to alerting channels.[0m
    [38;2;120;169;255minstana_slo_config               [0m   [38;2;63;185;80msaas[0m, [38;2;210;153;34msoftware[0m   [38;2;125;133;144mAn Instana SLO config[0m
[38;2;125;133;144m                                                         (SLOConfigWithRBACTag)[0m
[38;2;125;133;144m                                                         defines a service-level[0m
[38;2;125;133;144m                                                         objective: a target[0m
[38;2;125;133;144m                                                         attainment over a time[0m
[38;2;125;133;144m                                                         window for a chosen[0m
[38;2;125;133;144m                                                         entity and indicator.[0m
    [38;2;120;169;255minstana_synthetic_alert_config   [0m   [38;2;63;185;80msaas[0m, [38;2;210;153;34msoftware[0m   [38;2;125;133;144mAn Instana synthetic[0m
[38;2;125;133;144m                                                         smart alert[0m
[38;2;125;133;144m                                                         (SyntheticAlertConfig)[0m
[38;2;125;133;144m                                                         evaluates a rule over[0m
[38;2;125;133;144m                                                         one or more synthetic[0m
[38;2;125;133;144m                                                         tests' results and[0m
[38;2;125;133;144m                                                         routes triggered events[0m
[38;2;125;133;144m                                                         to alerting channels.[0m
    [38;2;120;169;255minstana_synthetic_test           [0m   [38;2;63;185;80msaas[0m, [38;2;210;153;34msoftware[0m   [38;2;125;133;144mAn Instana synthetic[0m
[38;2;125;133;144m                                                         test (SyntheticTest)[0m
[38;2;125;133;144m                                                         runs a scripted or HTTP[0m
[38;2;125;133;144m                                                         probe from one or more[0m
[38;2;125;133;144m                                                         PoP locations on a[0m
[38;2;125;133;144m                                                         schedule.[0m
    [38;2;120;169;255minstana_website_alert_config     [0m   [38;2;63;185;80msaas[0m, [38;2;210;153;34msoftware[0m   [38;2;125;133;144mAn Instana website[0m
[38;2;125;133;144m                                                         smart alert[0m
[38;2;125;133;144m                                                         (WebsiteAlertConfig)[0m
[38;2;125;133;144m                                                         evaluates a rule over[0m
[38;2;125;133;144m                                                         an end-user-monitored[0m
[38;2;125;133;144m                                                         website's beacons and[0m
[38;2;125;133;144m                                                         routes triggered events[0m
[38;2;125;133;144m                                                         to alerting channels.[0m
    [38;2;120;169;255minstana_website_config           [0m   [38;2;63;185;80msaas[0m, [38;2;210;153;34msoftware[0m   [38;2;125;133;144mAn Instana website[0m
[38;2;125;133;144m                                                         (End-User Monitoring[0m
[38;2;125;133;144m                                                         config) is the[0m
[38;2;125;133;144m                                                         top-level unit Instana[0m
[38;2;125;133;144m                                                         groups browser/EUM[0m
[38;2;125;133;144m                                                         beacons and website[0m
[38;2;125;133;144m                                                         smart alerts around.[0m

  [38;2;120;169;255m▌[0m [1mIBM Planning Analytics[0m   [38;2;125;133;144m(planning_analytics · 10 kinds)[0m
    [38;2;120;169;255mpa_chore                         [0m   [38;2;63;185;80msaas[0m, [38;2;210;153;34msoftware[0m   [38;2;125;133;144mA Planning Analytics[0m
[38;2;125;133;144m                                                         (TM1 Database 12) chore[0m
[38;2;125;133;144m                                                         — a schedule that runs[0m
[38;2;125;133;144m                                                         an ordered list of[0m
[38;2;125;133;144m                                                         tasks (each executing a[0m
[38;2;125;133;144m                                                         process) at a start[0m
[38;2;125;133;144m                                                         time and frequency.[0m
    [38;2;120;169;255mpa_cube                          [0m   [38;2;63;185;80msaas[0m, [38;2;210;153;34msoftware[0m   [38;2;125;133;144mA Planning Analytics[0m
[38;2;125;133;144m                                                         (TM1 Database 12) cube[0m
[38;2;125;133;144m                                                         — an N-dimensional data[0m
[38;2;125;133;144m                                                         store defined over an[0m
[38;2;125;133;144m                                                         ordered list of[0m
[38;2;125;133;144m                                                         dimensions, with[0m
[38;2;125;133;144m                                                         optional TM1 rules.[0m
    [38;2;120;169;255mpa_dimension                     [0m   [38;2;63;185;80msaas[0m, [38;2;210;153;34msoftware[0m   [38;2;125;133;144mA Planning Analytics[0m
[38;2;125;133;144m                                                         (TM1 Database 12)[0m
[38;2;125;133;144m                                                         dimension — a named set[0m
[38;2;125;133;144m                                                         of members organized[0m
[38;2;125;133;144m                                                         into one or more[0m
[38;2;125;133;144m                                                         hierarchies.[0m
    [38;2;120;169;255mpa_group                         [0m   [38;2;63;185;80msaas[0m, [38;2;210;153;34msoftware[0m   [38;2;125;133;144mA Planning Analytics[0m
[38;2;125;133;144m                                                         (TM1 Database 12)[0m
[38;2;125;133;144m                                                         security group — a[0m
[38;2;125;133;144m                                                         named role that users[0m
[38;2;125;133;144m                                                         belong to and that[0m
[38;2;125;133;144m                                                         cube/dimension security[0m
[38;2;125;133;144m                                                         is granted against.[0m
    [38;2;120;169;255mpa_hierarchy                     [0m   [38;2;63;185;80msaas[0m, [38;2;210;153;34msoftware[0m   [38;2;125;133;144mA hierarchy within a[0m
[38;2;125;133;144m                                                         Planning Analytics (TM1[0m
[38;2;125;133;144m                                                         Database 12) dimension[0m
[38;2;125;133;144m                                                         — a named tree of[0m
[38;2;125;133;144m                                                         members (`elements`)[0m
[38;2;125;133;144m                                                         and parent/child[0m
[38;2;125;133;144m                                                         consolidations[0m
[38;2;125;133;144m                                                         (`edges`).[0m
    [38;2;120;169;255mpa_process                       [0m   [38;2;63;185;80msaas[0m, [38;2;210;153;34msoftware[0m   [38;2;125;133;144mA Planning Analytics[0m
[38;2;125;133;144m                                                         (TM1 Database 12)[0m
[38;2;125;133;144m                                                         TurboIntegrator process[0m
[38;2;125;133;144m                                                         — the scripting unit[0m
[38;2;125;133;144m                                                         (four procedure stages,[0m
[38;2;125;133;144m                                                         a data source, typed[0m
[38;2;125;133;144m                                                         parameters and source[0m
[38;2;125;133;144m                                                         variables) created via[0m
[38;2;125;133;144m                                                         the TM1 REST OData API[0m
[38;2;125;133;144m                                                         (/Processes) and[0m
[38;2;125;133;144m                                                         identified by its[0m
[38;2;125;133;144m                                                         `name` (the OData[0m
[38;2;125;133;144m                                                         entity key).[0m
    [38;2;120;169;255mpa_sql_data_source               [0m   [38;2;63;185;80msaas[0m, [38;2;210;153;34msoftware[0m   [38;2;125;133;144mA Planning Analytics[0m
[38;2;125;133;144m                                                         (TM1 Database 12) named[0m
[38;2;125;133;144m                                                         SQL data source — a[0m
[38;2;125;133;144m                                                         reusable ODBC/SQL[0m
[38;2;125;133;144m                                                         connection definition[0m
[38;2;125;133;144m                                                         that TurboIntegrator[0m
[38;2;125;133;144m                                                         processes read from.[0m
    [38;2;120;169;255mpa_subset                        [0m   [38;2;63;185;80msaas[0m, [38;2;210;153;34msoftware[0m   [38;2;125;133;144mA named subset of a[0m
[38;2;125;133;144m                                                         Planning Analytics (TM1[0m
[38;2;125;133;144m                                                         Database 12) hierarchy[0m
[38;2;125;133;144m                                                         — either a static list[0m
[38;2;125;133;144m                                                         of members (`elements`)[0m
[38;2;125;133;144m                                                         or a dynamic MDX[0m
[38;2;125;133;144m                                                         `expression`.[0m
    [38;2;120;169;255mpa_user                          [0m   [38;2;63;185;80msaas[0m, [38;2;210;153;34msoftware[0m   [38;2;125;133;144mA Planning Analytics[0m
[38;2;125;133;144m                                                         (TM1 Database 12) user[0m
[38;2;125;133;144m                                                         — a security principal[0m
[38;2;125;133;144m                                                         with a password and a[0m
[38;2;125;133;144m                                                         set of group[0m
[38;2;125;133;144m                                                         memberships.[0m
    [38;2;120;169;255mpa_view                          [0m   [38;2;63;185;80msaas[0m, [38;2;210;153;34msoftware[0m   [38;2;125;133;144mA Planning Analytics[0m
[38;2;125;133;144m                                                         (TM1 Database 12) cube[0m
[38;2;125;133;144m                                                         view — a saved query[0m
[38;2;125;133;144m                                                         over a cube, either a[0m
[38;2;125;133;144m                                                         native axis layout[0m
[38;2;125;133;144m                                                         (columns/rows/titles)[0m
[38;2;125;133;144m                                                         or an MDX view.[0m

  [38;2;120;169;255m▌[0m [1mOpenScale[0m   [38;2;125;133;144m(openscale · 8 kinds)[0m
    [38;2;120;169;255mdata_mart                        [0m   [38;2;63;185;80msaas[0m, [38;2;210;153;34msoftware[0m   [38;2;125;133;144mAn OpenScale data mart[0m
[38;2;125;133;144m                                                         is the per-instance[0m
[38;2;125;133;144m                                                         datastore that holds[0m
[38;2;125;133;144m                                                         monitoring records[0m
[38;2;125;133;144m                                                         (payload, feedback,[0m
[38;2;125;133;144m                                                         metrics) for every[0m
[38;2;125;133;144m                                                         subscribed deployment.[0m
    [38;2;120;169;255mdata_set                         [0m   [38;2;63;185;80msaas[0m, [38;2;210;153;34msoftware[0m   [38;2;125;133;144mA data set is a typed[0m
[38;2;125;133;144m                                                         store within an[0m
[38;2;125;133;144m                                                         OpenScale data mart[0m
[38;2;125;133;144m                                                         (payload logging,[0m
[38;2;125;133;144m                                                         feedback, or business[0m
[38;2;125;133;144m                                                         payload) that records[0m
[38;2;125;133;144m                                                         the data used to[0m
[38;2;125;133;144m                                                         compute a[0m
[38;2;125;133;144m                                                         subscription's monitor[0m
[38;2;125;133;144m                                                         metrics.[0m
    [38;2;120;169;255mguardrails_policy                [0m   [38;2;63;185;80msaas[0m, [38;2;210;153;34msoftware[0m   [38;2;125;133;144mA guardrails policy[0m
[38;2;125;133;144m                                                         defines[0m
[38;2;125;133;144m                                                         content-filtering and[0m
[38;2;125;133;144m                                                         safety rules (such as[0m
[38;2;125;133;144m                                                         PII or HAP detection)[0m
[38;2;125;133;144m                                                         that OpenScale enforces[0m
[38;2;125;133;144m                                                         on generative-AI model[0m
[38;2;125;133;144m                                                         inputs and outputs.[0m
    [38;2;120;169;255mintegrated_system                [0m   [38;2;63;185;80msaas[0m, [38;2;210;153;34msoftware[0m   [38;2;125;133;144mAn integrated system[0m
[38;2;125;133;144m                                                         registers an external[0m
[38;2;125;133;144m                                                         service (notifications,[0m
[38;2;125;133;144m                                                         a custom metrics[0m
[38;2;125;133;144m                                                         provider, or a[0m
[38;2;125;133;144m                                                         third-party endpoint)[0m
[38;2;125;133;144m                                                         that OpenScale calls[0m
[38;2;125;133;144m                                                         during monitoring.[0m
    [38;2;120;169;255mmonitor_definition               [0m   [38;2;63;185;80msaas[0m, [38;2;210;153;34msoftware[0m   [38;2;125;133;144mA monitor definition[0m
[38;2;125;133;144m                                                         registers a custom[0m
[38;2;125;133;144m                                                         monitor type in[0m
[38;2;125;133;144m                                                         OpenScale, declaring[0m
[38;2;125;133;144m                                                         its metrics,[0m
[38;2;125;133;144m                                                         thresholds, and tags.[0m
    [38;2;120;169;255mmonitor_instance                 [0m   [38;2;63;185;80msaas[0m, [38;2;210;153;34msoftware[0m   [38;2;125;133;144mA monitor instance[0m
[38;2;125;133;144m                                                         activates a monitor[0m
[38;2;125;133;144m                                                         (quality, fairness,[0m
[38;2;125;133;144m                                                         drift, explainability,[0m
[38;2;125;133;144m                                                         or a custom definition)[0m
[38;2;125;133;144m                                                         on a subscription, with[0m
[38;2;125;133;144m                                                         its parameters and[0m
[38;2;125;133;144m                                                         alert thresholds.[0m
    [38;2;120;169;255mservice_provider                 [0m   [38;2;63;185;80msaas[0m, [38;2;210;153;34msoftware[0m   [38;2;125;133;144mA service provider[0m
[38;2;125;133;144m                                                         binds a[0m
[38;2;125;133;144m                                                         machine-learning[0m
[38;2;125;133;144m                                                         serving environment[0m
[38;2;125;133;144m                                                         (such as a watsonx.ai[0m
[38;2;125;133;144m                                                         or WML space) to[0m
[38;2;125;133;144m                                                         OpenScale so its[0m
[38;2;125;133;144m                                                         deployments can be[0m
[38;2;125;133;144m                                                         discovered and[0m
[38;2;125;133;144m                                                         monitored.[0m
    [38;2;120;169;255msubscription                     [0m   [38;2;63;185;80msaas[0m, [38;2;210;153;34msoftware[0m   [38;2;125;133;144mA subscription connects[0m
[38;2;125;133;144m                                                         one deployed model to[0m
[38;2;125;133;144m                                                         OpenScale for[0m
[38;2;125;133;144m                                                         monitoring, linking it[0m
[38;2;125;133;144m                                                         to a service provider[0m
[38;2;125;133;144m                                                         and data mart and[0m
[38;2;125;133;144m                                                         capturing its input and[0m
[38;2;125;133;144m                                                         output schema.[0m

  [38;2;120;169;255m▌[0m [1mwatsonx Orchestrate[0m   [38;2;125;133;144m(watsonx_orchestrate · 7 kinds)[0m
    [38;2;120;169;255magent                            [0m   [38;2;63;185;80msaas[0m, [38;2;210;153;34msoftware[0m   [38;2;125;133;144mAn Agent is a[0m
[38;2;125;133;144m                                                         configurable AI[0m
[38;2;125;133;144m                                                         assistant within[0m
[38;2;125;133;144m                                                         Watsonx Orchestrate[0m
[38;2;125;133;144m                                                         that can perform tasks[0m
[38;2;125;133;144m                                                         using tools,[0m
[38;2;125;133;144m                                                         collaborate with other[0m
[38;2;125;133;144m                                                         agents, and leverage[0m
[38;2;125;133;144m                                                         knowledge bases.[0m
    [38;2;120;169;255magent_release                    [0m   [38;2;63;185;80msaas[0m, [38;2;210;153;34msoftware[0m   [38;2;125;133;144mDeploys (releases) a[0m
[38;2;125;133;144m                                                         watsonx Orchestrate[0m
[38;2;125;133;144m                                                         agent's current draft[0m
[38;2;125;133;144m                                                         to the `live`[0m
[38;2;125;133;144m                                                         environment.[0m
    [38;2;120;169;255mknowledge_base                   [0m   [38;2;63;185;80msaas[0m, [38;2;210;153;34msoftware[0m   [38;2;125;133;144mA Knowledge Base[0m
[38;2;125;133;144m                                                         provides document-based[0m
[38;2;125;133;144m                                                         context and information[0m
[38;2;125;133;144m                                                         retrieval capabilities[0m
[38;2;125;133;144m                                                         for agents.[0m
    [38;2;120;169;255mmodel                            [0m   [38;2;63;185;80msaas[0m, [38;2;210;153;34msoftware[0m   [38;2;125;133;144mA Model Configuration[0m
[38;2;125;133;144m                                                         defines custom language[0m
[38;2;125;133;144m                                                         model settings and[0m
[38;2;125;133;144m                                                         parameters for use[0m
[38;2;125;133;144m                                                         within Watsonx[0m
[38;2;125;133;144m                                                         Orchestrate.[0m
    [38;2;120;169;255morchestrate_connection           [0m   [38;2;63;185;80msaas[0m, [38;2;210;153;34msoftware[0m   [38;2;125;133;144mA Connection represents[0m
[38;2;125;133;144m                                                         authentication[0m
[38;2;125;133;144m                                                         credentials and[0m
[38;2;125;133;144m                                                         configuration for[0m
[38;2;125;133;144m                                                         integrating external[0m
[38;2;125;133;144m                                                         applications with[0m
[38;2;125;133;144m                                                         Watsonx Orchestrate.[0m
    [38;2;120;169;255mtool                             [0m   [38;2;63;185;80msaas[0m, [38;2;210;153;34msoftware[0m   [38;2;125;133;144mA Tool is a[0m
[38;2;125;133;144m                                                         specification for a[0m
[38;2;125;133;144m                                                         callable function or[0m
[38;2;125;133;144m                                                         service that agents can[0m
[38;2;125;133;144m                                                         invoke to perform[0m
[38;2;125;133;144m                                                         actions and retrieve[0m
[38;2;125;133;144m                                                         information.[0m
    [38;2;120;169;255mtoolkit                          [0m   [38;2;63;185;80msaas[0m, [38;2;210;153;34msoftware[0m   [38;2;125;133;144mAn MCP (Model Context[0m
[38;2;125;133;144m                                                         Protocol) toolkit[0m
[38;2;125;133;144m                                                         backed by a local or[0m
[38;2;125;133;144m                                                         remote MCP server.[0m

  [38;2;120;169;255m▌[0m [1mwatsonx.ai[0m   [38;2;125;133;144m(watsonx_ai · 7 kinds)[0m
    [38;2;120;169;255mai_service                       [0m   [38;2;63;185;80msaas[0m, [38;2;210;153;34msoftware[0m   [38;2;125;133;144mAn AI Service is a[0m
[38;2;125;133;144m                                                         deployable code[0m
[38;2;125;133;144m                                                         artifact for Watson[0m
[38;2;125;133;144m                                                         Machine Learning.[0m
    [38;2;120;169;255mautoai_experiment                [0m   [38;2;63;185;80msaas[0m, [38;2;210;153;34msoftware[0m   [38;2;125;133;144mAn AutoAI Experiment[0m
[38;2;125;133;144m                                                         runs a watsonx.ai[0m
[38;2;125;133;144m                                                         AutoAI training to[0m
[38;2;125;133;144m                                                         completion and surfaces[0m
[38;2;125;133;144m                                                         the ranked pipeline[0m
[38;2;125;133;144m                                                         leaderboard.[0m
    [38;2;120;169;255mnotebook                         [0m   [38;2;63;185;80msaas[0m, [38;2;210;153;34msoftware[0m   [38;2;125;133;144mA Notebook asset stored[0m
[38;2;125;133;144m                                                         in a watsonx.ai[0m
[38;2;125;133;144m                                                         project.[0m
    [38;2;120;169;255mwml_deployment                   [0m   [38;2;63;185;80msaas[0m, [38;2;210;153;34msoftware[0m   [38;2;125;133;144mA WML Deployment[0m
[38;2;125;133;144m                                                         creates a live online[0m
[38;2;125;133;144m                                                         endpoint from an AI[0m
[38;2;125;133;144m                                                         service or model.[0m
    [38;2;120;169;255mwml_function                     [0m   [38;2;63;185;80msaas[0m, [38;2;210;153;34msoftware[0m   [38;2;125;133;144mA Python function asset[0m
[38;2;125;133;144m                                                         stored in Watson[0m
[38;2;125;133;144m                                                         Machine Learning.[0m
    [38;2;120;169;255mwml_model                        [0m   [38;2;63;185;80msaas[0m, [38;2;210;153;34msoftware[0m   [38;2;125;133;144mA WML Model[0m
[38;2;125;133;144m                                                         materializes the[0m
[38;2;125;133;144m                                                         winning pipeline of a[0m
[38;2;125;133;144m                                                         completed AutoAI[0m
[38;2;125;133;144m                                                         experiment as a[0m
[38;2;125;133;144m                                                         deployable[0m
[38;2;125;133;144m                                                         wml-hybrid_0.1 model.[0m
    [38;2;120;169;255mwml_script                       [0m   [38;2;63;185;80msaas[0m, [38;2;210;153;34msoftware[0m   [38;2;125;133;144mA Python script asset[0m
[38;2;125;133;144m                                                         stored in Watson[0m
[38;2;125;133;144m                                                         Machine Learning.[0m

  [38;2;120;169;255m▌[0m [1mwatsonx.data[0m   [38;2;125;133;144m(watsonx_data · 17 kinds)[0m
    [38;2;120;169;255mdatabase_connection              [0m   [38;2;63;185;80msaas[0m, [38;2;210;153;34msoftware[0m   [38;2;125;133;144mCredential-holding kind[0m
[38;2;125;133;144m                                                         for external database[0m
[38;2;125;133;144m                                                         connections consumed by[0m
[38;2;125;133;144m                                                         `database_registration`.[0m
    [38;2;120;169;255mdatabase_registration            [0m   [38;2;63;185;80msaas[0m, [38;2;210;153;34msoftware[0m   [38;2;125;133;144mRegisters an external[0m
[38;2;125;133;144m                                                         database (Db2,[0m
[38;2;125;133;144m                                                         PostgreSQL, MySQL,[0m
[38;2;125;133;144m                                                         Kafka, etc.) with[0m
[38;2;125;133;144m                                                         watsonx.data and[0m
[38;2;125;133;144m                                                         atomically creates its[0m
[38;2;125;133;144m                                                         associated catalog.[0m
    [38;2;120;169;255mdb2_engine                       [0m   [38;2;63;185;80msaas[0m, [38;2;210;153;34msoftware[0m   [38;2;125;133;144mA Db2 Engine registers[0m
[38;2;125;133;144m                                                         an external IBM Db2[0m
[38;2;125;133;144m                                                         instance as a federated[0m
[38;2;125;133;144m                                                         query engine in[0m
[38;2;125;133;144m                                                         watsonx.data.[0m
    [38;2;120;169;255mingestion_job                    [0m   [38;2;63;185;80msaas[0m, [38;2;210;153;34msoftware[0m   [38;2;125;133;144mAn Ingestion Job loads[0m
[38;2;125;133;144m                                                         data from object[0m
[38;2;125;133;144m                                                         storage (CSV, Parquet,[0m
[38;2;125;133;144m                                                         JSON, ORC, Avro, or[0m
[38;2;125;133;144m                                                         txt) into a[0m
[38;2;125;133;144m                                                         watsonx.data lakehouse[0m
[38;2;125;133;144m                                                         table.[0m
    [38;2;120;169;255mintegration                      [0m   [38;2;63;185;80msaas[0m, [38;2;210;153;34msoftware[0m   [38;2;125;133;144mRegisters an external[0m
[38;2;125;133;144m                                                         governance / lineage[0m
[38;2;125;133;144m                                                         service with[0m
[38;2;125;133;144m                                                         watsonx.data — IBM[0m
[38;2;125;133;144m                                                         Knowledge Catalog[0m
[38;2;125;133;144m                                                         (`ikc`), Apache Ranger[0m
[38;2;125;133;144m                                                         (`ranger`), Manta[0m
[38;2;125;133;144m                                                         lineage (`manta`), or[0m
[38;2;125;133;144m                                                         Databand (`databand`).[0m
    [38;2;120;169;255mmilvus_service                   [0m   [38;2;63;185;80msaas[0m, [38;2;210;153;34msoftware[0m   [38;2;125;133;144mA Milvus Service is the[0m
[38;2;125;133;144m                                                         managed Milvus vector[0m
[38;2;125;133;144m                                                         store in watsonx.data —[0m
[38;2;125;133;144m                                                         the vector backend for[0m
[38;2;125;133;144m                                                         embeddings / similarity[0m
[38;2;125;133;144m                                                         search (e.g. RAG[0m
[38;2;125;133;144m                                                         knowledge bases).[0m
    [38;2;120;169;255mother_engine                     [0m   [38;2;63;185;80msaas[0m, [38;2;210;153;34msoftware[0m   [38;2;125;133;144mAn Other Engine[0m
[38;2;125;133;144m                                                         registers a generic[0m
[38;2;125;133;144m                                                         external query engine[0m
[38;2;125;133;144m                                                         (anything not covered[0m
[38;2;125;133;144m                                                         by the typed[0m
[38;2;125;133;144m                                                         presto/spark/db2 kinds)[0m
[38;2;125;133;144m                                                         with watsonx.data,[0m
[38;2;125;133;144m                                                         identified by a display[0m
[38;2;125;133;144m                                                         name plus a[0m
[38;2;125;133;144m                                                         `connection_string` and[0m
[38;2;125;133;144m                                                         an engine `type`.[0m
    [38;2;120;169;255mprestissimo_engine               [0m   [38;2;63;185;80msaas[0m, [38;2;210;153;34msoftware[0m   [38;2;125;133;144mA Prestissimo Engine is[0m
[38;2;125;133;144m                                                         the C++ (Velox-backed)[0m
[38;2;125;133;144m                                                         distributed SQL query[0m
[38;2;125;133;144m                                                         engine in watsonx.data[0m
[38;2;125;133;144m                                                         — the high-performance[0m
[38;2;125;133;144m                                                         twin of the Java Presto[0m
[38;2;125;133;144m                                                         engine.[0m
    [38;2;120;169;255mpresto_engine                    [0m   [38;2;63;185;80msaas[0m, [38;2;210;153;34msoftware[0m   [38;2;125;133;144mA Presto Engine is a[0m
[38;2;125;133;144m                                                         distributed SQL query[0m
[38;2;125;133;144m                                                         engine in watsonx.data[0m
[38;2;125;133;144m                                                         that runs analytical[0m
[38;2;125;133;144m                                                         queries across[0m
[38;2;125;133;144m                                                         lakehouse catalogs and[0m
[38;2;125;133;144m                                                         object storage.[0m
    [38;2;120;169;255msal_enrichment_job               [0m   [38;2;63;185;80msaas[0m, [38;2;210;153;34msoftware[0m   [38;2;125;133;144mRuns a Semantic[0m
[38;2;125;133;144m                                                         Automation Layer (SAL)[0m
[38;2;125;133;144m                                                         metadata-enrichment job[0m
[38;2;125;133;144m                                                         over a catalog/schema's[0m
[38;2;125;133;144m                                                         tables.[0m
    [38;2;120;169;255msal_enrichment_settings          [0m   [38;2;63;185;80msaas[0m, [38;2;210;153;34msoftware[0m   [38;2;125;133;144mPer-project[0m
[38;2;125;133;144m                                                         metadata-enrichment[0m
[38;2;125;133;144m                                                         settings for the[0m
[38;2;125;133;144m                                                         Semantic Automation[0m
[38;2;125;133;144m                                                         Layer (SAL) on[0m
[38;2;125;133;144m                                                         watsonx.data.[0m
    [38;2;120;169;255msal_global_settings              [0m   [38;2;63;185;80msaas[0m, [38;2;210;153;34msoftware[0m   [38;2;125;133;144mGlobal[0m
[38;2;125;133;144m                                                         metadata-enrichment[0m
[38;2;125;133;144m                                                         defaults for the[0m
[38;2;125;133;144m                                                         Semantic Automation[0m
[38;2;125;133;144m                                                         Layer (SAL) on[0m
[38;2;125;133;144m                                                         watsonx.data.[0m
    [38;2;120;169;255msal_glossary                     [0m   [38;2;210;153;34msoftware[0m         [38;2;125;133;144mUploads a[0m
[38;2;125;133;144m                                                         business-glossary CSV[0m
[38;2;125;133;144m                                                         into the watsonx.data[0m
[38;2;125;133;144m                                                         Semantic Automation[0m
[38;2;125;133;144m                                                         Layer (SAL) and polls[0m
[38;2;125;133;144m                                                         the upload process to a[0m
[38;2;125;133;144m                                                         terminal state, so a[0m
[38;2;125;133;144m                                                         glossary can be[0m
[38;2;125;133;144m                                                         uploaded before/around[0m
[38;2;125;133;144m                                                         enrichment (richer term[0m
[38;2;125;133;144m                                                         assignment).[0m
    [38;2;120;169;255msal_integration                  [0m   [38;2;63;185;80msaas[0m, [38;2;210;153;34msoftware[0m   [38;2;125;133;144mEnables the Semantic[0m
[38;2;125;133;144m                                                         Automation Layer (SAL)[0m
[38;2;125;133;144m                                                         on watsonx.data — the[0m
[38;2;125;133;144m                                                         metadata-enrichment /[0m
[38;2;125;133;144m                                                         auto-cataloging[0m
[38;2;125;133;144m                                                         integration that backs[0m
[38;2;125;133;144m                                                         IKC governance.[0m
    [38;2;120;169;255mschema                           [0m   [38;2;63;185;80msaas[0m, [38;2;210;153;34msoftware[0m   [38;2;125;133;144mA Schema is a logical[0m
[38;2;125;133;144m                                                         grouping of tables[0m
[38;2;125;133;144m                                                         within a watsonx.data[0m
[38;2;125;133;144m                                                         catalog.[0m
    [38;2;120;169;255mspark_engine                     [0m   [38;2;63;185;80msaas[0m, [38;2;210;153;34msoftware[0m   [38;2;125;133;144mA Spark Engine is a[0m
[38;2;125;133;144m                                                         serverless Apache Spark[0m
[38;2;125;133;144m                                                         execution environment[0m
[38;2;125;133;144m                                                         in watsonx.data used[0m
[38;2;125;133;144m                                                         for data ingestion[0m
[38;2;125;133;144m                                                         jobs, Spark SQL, and[0m
[38;2;125;133;144m                                                         general Spark[0m
[38;2;125;133;144m                                                         applications.[0m
    [38;2;120;169;255mstorage_registration             [0m   [38;2;63;185;80msaas[0m, [38;2;210;153;34msoftware[0m   [38;2;125;133;144mRegisters an[0m
[38;2;125;133;144m                                                         object-store bucket[0m
[38;2;125;133;144m                                                         with watsonx.data and[0m
[38;2;125;133;144m                                                         atomically creates its[0m
[38;2;125;133;144m                                                         associated lakehouse[0m
[38;2;125;133;144m                                                         catalog (iceberg or[0m
[38;2;125;133;144m                                                         hive).[0m
